// Jest Snapshot v1, https://goo.gl/fbAQLP

exports[`Header: Component should render correctly 1`] = `
<headerstyles__Container>
  Header
</headerstyles__Container>
`;
