// Jest Snapshot v1, https://goo.gl/fbAQLP

exports[`App: Page should render correctly 1`] = `<withRedux(App) />`;
