// Jest Snapshot v1, https://goo.gl/fbAQLP

exports[`EpisodesPage: Page should render correctly 1`] = `<InjectIntl(withRouter(Connect(Episodes))) />`;
