// Jest Snapshot v1, https://goo.gl/fbAQLP

exports[`Home: Page should render correctly 1`] = `<InjectIntl(withRouter(Connect(Home))) />`;
