// Jest Snapshot v1, https://goo.gl/fbAQLP

exports[`Series: Page should render correctly 1`] = `<InjectIntl(withRouter(Connect(Series))) />`;
